default via 10.0.2.2 dev eth0
10.0.2.0/24 dev eth0  proto kernel  scope link  src 10.0.2.15
