Iface   Destination     Gateway         Flags   RefCnt  Use     Metric  Mask            MTU     Window  IRTT
eth0    00000000        0202000A        0003    0       0       0       00000000        0       0       0

eth0    0002000A        00000000        0001    0       0       0       00FFFFFF        0       0       0

