
Interface: 10.0.0.185 --- 0x5
  Internet Address      Physical Address      Type
  10.0.0.175            78-28-ca-c4-66-fe     dynamic
