Name    Mtu Network       Address              Ipkts Ierrs Idrop    Opkts Oerrs  Coll
vtnet  1500 <Link#1>      52:54:00:9d:0e:67    10017     0     0     8174     0     0
vtnet     - fe80::%vtnet0 fe80::5054:ff:fe9        0     -     -        4     -     -
vtnet     - 192.168.122.0 192.168.122.45        8844     -     -     8171     -     -
lo0   16384 <Link#2>      lo0                 260148     0     0   260148     0     0
lo0       - ::1/128       ::1                    193     -     -      193     -     -
                          ff01::1%lo0
                          ff02::2:2eb7:74fa
                          ff02::2:ff2e:b774
                          ff02::1%lo0
                          ff02::1:ff00:1%lo
lo0       - fe80::%lo0/64 fe80::1%lo0              0     -     -        0     -     -
                          ff01::1%lo0
                          ff02::2:2eb7:74fa
                          ff02::2:ff2e:b774
                          ff02::1%lo0
                          ff02::1:ff00:1%lo
lo0       - 127.0.0.0/8   127.0.0.1           259955     -     -   259955     -     -
                          224.0.0.1
