? (10.0.2.2) at 52:54:00:12:35:02 on wm0
? (10.0.2.3) at 52:54:00:12:35:03 on wm0
