1: lo: <LOOPBACK,UP,LOWER_UP> mtu 65536 qdisc noqueue state UNKNOWN group default qlen 1
    link/loopback 00:00:00:00:00:00 brd 00:00:00:00:00:00
    inet 127.0.0.1/8 scope host lo
       valid_lft forever preferred_lft forever
    inet6 ::1/128 scope host
       valid_lft forever preferred_lft forever
3: wlan0: <BROADCAST,MULTICAST,UP,LOWER_UP> mtu 1400 qdisc mq state UP group default qlen 1000
    link/ether 02:00:00:00:00:00 brd ff:ff:ff:ff:ff:ff
    inet 192.168.232.2/21 brd 192.168.239.255 scope global wlan0
       valid_lft forever preferred_lft forever
    inet6 fec0::f160:96eb:7e7e:335b/64 scope site temporary dynamic
       valid_lft 86272sec preferred_lft 14272sec
    inet6 fec0::ff:fe00:0/64 scope site dynamic mngtmpaddr
       valid_lft 86272sec preferred_lft 14272sec
    inet6 fe80::ff:fe00:0/64 scope link
       valid_lft forever preferred_lft forever
6: ip_vti0@NONE: <NOARP> mtu 1364 qdisc noop state DOWN group default qlen 1
    link/ipip 0.0.0.0 brd 0.0.0.0
7: ip6_vti0@NONE: <NOARP> mtu 1500 qdisc noop state DOWN group default qlen 1
    link/tunnel6 :: brd ::
8: sit0@NONE: <NOARP> mtu 1480 qdisc noop state DOWN group default qlen 1
    link/sit 0.0.0.0 brd 0.0.0.0
9: ip6tnl0@NONE: <NOARP> mtu 1452 qdisc noop state DOWN group default qlen 1
    link/tunnel6 :: brd ::
11: radio0@if10: <BROADCAST,MULTICAST,UP,LOWER_UP> mtu 1500 qdisc noqueue state UP group default qlen 1000
    link/ether 46:37:e2:ae:b8:7f brd ff:ff:ff:ff:ff:ff link-netnsid 0
    inet 192.168.200.2/24 brd 192.168.200.255 scope global radio0
       valid_lft forever preferred_lft forever
    inet6 fec0::c57b:bd73:5c94:f9c6/64 scope site temporary dynamic
       valid_lft 86272sec preferred_lft 14272sec
    inet6 fec0::4437:e2ff:feae:b87f/64 scope site dynamic mngtmpaddr
       valid_lft 86272sec preferred_lft 14272sec
    inet6 fe80::4437:e2ff:feae:b87f/64 scope link
       valid_lft forever preferred_lft forever
