192.168.200.0/24 dev radio0 proto kernel scope link src 192.168.200.2
192.168.232.0/21 dev wlan0 proto kernel scope link src 192.168.232.2
