lo        Link encap:Local Loopback
          inet addr:127.0.0.1  Mask:255.0.0.0
          inet6 addr: ::1/128 Scope: Host
          UP LOOPBACK RUNNING  MTU:65536  Metric:1
          RX packets:0 errors:0 dropped:0 overruns:0 frame:0
          TX packets:0 errors:0 dropped:0 overruns:0 carrier:0
          collisions:0 txqueuelen:0
          RX bytes:0 TX bytes:0

eth0      Link encap:Ethernet  HWaddr 52:54:00:12:34:56
          inet addr:10.0.2.15  Bcast:10.0.2.255  Mask:255.255.255.0
          inet6 addr: fe80::5054:ff:fe12:3456/64 Scope: Link
          inet6 addr: fec0::5054:ff:fe12:3456/64 Scope: Site
          UP BROADCAST RUNNING MULTICAST  MTU:1500  Metric:1
          RX packets:1755 errors:0 dropped:0 overruns:0 frame:0
          TX packets:1242 errors:0 dropped:0 overruns:0 carrier:0
          collisions:0 txqueuelen:1000
          RX bytes:1953861 TX bytes:256681
