lo0: flags=8049<UP,LOOPBACK,RUNNING,MULTICAST> mtu 16384
        options=1203<RXCSUM,TXCSUM,TXSTATUS,SW_TIMESTAMP>
        inet 127.0.0.1 netmask 0xff000000
        inet6 ::1 prefixlen 128
        inet6 fe80::1%lo0 prefixlen 64 scopeid 0x1
        nd6 options=201<PERFORMNUD,DAD>
gif0: flags=8010<POINTOPOINT,MULTICAST> mtu 1280
stf0: flags=0<> mtu 1280
en0: flags=8863<UP,BROADCAST,SMART,RUNNING,SIMPLEX,MULTICAST> mtu 1500
        options=2b<RXCSUM,TXCSUM,VLAN_HWTAGGING,TSO4>
        ether 08:00:27:2b:c2:ed
        inet6 fe80::18d8:82a8:174e:ac2%en0 prefixlen 64 secured scopeid 0x4
        inet 10.0.2.15 netmask 0xffffff00 broadcast 10.0.2.255
        nd6 options=201<PERFORMNUD,DAD>
        media: autoselect (1000baseT <full-duplex>)
        status: active
