Routing tables

Internet:
Destination        Gateway            Flags        Refs      Use   Netif Expire
default            10.0.2.2           UGSc            9        0     en0
10.0.2/24          link#4             UCS             1        0     en0
10.0.2.2/32        link#4             UCS             1        0     en0
10.0.2.2           52:54:0:12:35:2    UHLWIir        12     1838     en0    389
10.0.2.3           52:54:0:12:35:3    UHLWI           0       21     en0   1113
10.0.2.15/32       link#4             UCS             0        0     en0
127                127.0.0.1          UCS             0        0     lo0
127.0.0.1          127.0.0.1          UH              2       50     lo0
169.254            link#4             UCS             0        0     en0
224.0.0/4          link#4             UmCS            1        0     en0
224.0.0.251        1:0:5e:0:0:fb      UHmLWI          0        0     en0
255.255.255.255/32 link#4             UCS             0        0     en0

Internet6:
Destination                             Gateway                         Flags         Netif Expire
::1                                     ::1                             UHL             lo0
fe80::%lo0/64                           fe80::1%lo0                     UcI             lo0
fe80::1%lo0                             link#1                          UHLI            lo0
fe80::%en0/64                           link#4                          UCI             en0
fe80::18d8:82a8:174e:ac2%en0            8:0:27:2b:c2:ed                 UHLI            lo0
ff01::%lo0/32                           ::1                             UmCI            lo0
ff01::%en0/32                           link#4                          UmCI            en0
ff02::%lo0/32                           ::1                             UmCI            lo0
ff02::%en0/32                           link#4                          UmCI            en0
