Name  Mtu   Network       Address            Ipkts Ierrs    Opkts Oerrs  Coll
lo0   16384 <Link#1>                           132     0      132     0     0
lo0   16384 127           localhost            132     -      132     -     -
lo0   16384 localhost   ::1                    132     -      132     -     -
lo0   16384 fe80::1%lo0 fe80:1::1              132     -      132     -     -
gif0* 1280  <Link#2>                             0     0        0     0     0
stf0* 1280  <Link#3>                             0     0        0     0     0
en0   1500  <Link#4>    08:00:27:2b:c2:ed     2859     0     2930     0     0
en0   1500  this-macboo fe80:4::18d8:82a8     2859     -     2930     -     -
en0   1500  10.0.2/24     10.0.2.15           2859     -     2930     -     -
