Ethernet Address: 08:00:27:2b:c2:ed (Device: en0)
