   route to: default
destination: default
       mask: default
    gateway: 10.0.2.2
  interface: en0
      flags: <UP,GATEWAY,DONE,STATIC,PRCLONING>
 recvpipe  sendpipe  ssthresh  rtt,msec    rttvar  hopcount      mtu     expire
       0         0         0         0         0         0      1500         0
