Net to Media Table: IPv4
Device   IP Address               Mask      Flags      Phys Addr
------ -------------------- --------------- -------- ---------------
e1000g0 10.0.2.2             255.255.255.255 o        52:54:00:12:35:02
e1000g0 10.0.2.3             255.255.255.255 o        52:54:00:12:35:03
e1000g0 vagrant-solaris10.dev 255.255.255.255 SPLA     08:00:27:45:ce:99
e1000g0 base-address.mcast.net 240.0.0.0       SM       01:00:5e:00:00:00
