Name    Mtu Network       Address              Ipkts Ierrs Idrop    Opkts Oerrs  Coll
em0    1500 <Link#1>      08:00:27:ab:b0:67     1292     0     0      871     0     0
em0       - 10.0.2.0/24   10.0.2.15             1287     -     -      866     -     -
lo0   16384 <Link#2>      lo0                      4     0     0        4     0     0
lo0       - localhost     localhost                4     -     -        4     -     -
                          ff02::202%lo0
                          ff01::1%lo0
                          ff02::2:80f5:5922
                          ff02::2:ff80:f559
                          ff02::1%lo0
                          ff02::1:ff00:1%lo
lo0       - fe80::%lo0/64 fe80::1%lo0              0     -     -        0     -     -
                          ff02::202%lo0
                          ff01::1%lo0
                          ff02::2:80f5:5922
                          ff02::2:ff80:f559
                          ff02::1%lo0
                          ff02::1:ff00:1%lo
lo0       - your-net      localhost                0     -     -        0     -     -
                          224.0.0.1
