   route to: default
destination: default
       mask: default
    gateway: 10.0.2.2
        fib: 0
  interface: em0
      flags: <UP,GATEWAY,DONE,STATIC>
 recvpipe  sendpipe  ssthresh  rtt,msec    mtu        weight    expire
       0         0         0         0      1500         1         0
