Iface   Destination     Gateway         Flags   RefCnt  Use     Metric  Mask            MTU     Window  IRTT

radio0  00C8A8C0        00000000        0001    0       0       0       00FFFFFF        0       0       0

wlan0   00E8A8C0        00000000        0001    0       0       0       00F8FFFF        0       0       0

