IP address       HW type     Flags       HW address            Mask     Device
192.168.232.1    0x1         0x2         02:00:00:00:01:00     *        wlan0
192.168.200.1    0x1         0x2         8e:8f:aa:c9:d2:8b     *        radio0
