wlan0     Link encap:UNSPEC    Driver mac80211_hwsim
          inet addr:192.168.232.2  Bcast:192.168.239.255  Mask:255.255.248.0
          inet6 addr: fec0::f160:96eb:7e7e:335b/64 Scope: Site
          inet6 addr: fec0::ff:fe00:0/64 Scope: Site
          inet6 addr: fe80::ff:fe00:0/64 Scope: Link
          UP BROADCAST RUNNING MULTICAST  MTU:1400  Metric:1
          RX packets:36833 errors:0 dropped:0 overruns:0 frame:0
          TX packets:9798 errors:0 dropped:0 overruns:0 carrier:0
          collisions:0 txqueuelen:1000
          RX bytes:27309238 TX bytes:1057085
