radio0    Link encap:UNSPEC
          inet addr:192.168.200.2  Bcast:192.168.200.255  Mask:255.255.255.0
          inet6 addr: fec0::c57b:bd73:5c94:f9c6/64 Scope: Site
          inet6 addr: fec0::4437:e2ff:feae:b87f/64 Scope: Site
          inet6 addr: fe80::4437:e2ff:feae:b87f/64 Scope: Link
          UP BROADCAST RUNNING MULTICAST  MTU:1500  Metric:1
          RX packets:189 errors:0 dropped:0 overruns:0 frame:0
          TX packets:195 errors:0 dropped:0 overruns:0 carrier:0
          collisions:0 txqueuelen:1000
          RX bytes:207020 TX bytes:27853

lo        Link encap:UNSPEC
          inet addr:127.0.0.1  Mask:255.0.0.0
          inet6 addr: ::1/128 Scope: Host
          UP LOOPBACK RUNNING  MTU:65536  Metric:1
          RX packets:0 errors:0 dropped:0 overruns:0 frame:0
          TX packets:0 errors:0 dropped:0 overruns:0 carrier:0
          collisions:0 txqueuelen:1
          RX bytes:0 TX bytes:0

wlan0     Link encap:UNSPEC    Driver mac80211_hwsim
          inet addr:192.168.232.2  Bcast:192.168.239.255  Mask:255.255.248.0
          inet6 addr: fec0::f160:96eb:7e7e:335b/64 Scope: Site
          inet6 addr: fec0::ff:fe00:0/64 Scope: Site
          inet6 addr: fe80::ff:fe00:0/64 Scope: Link
          UP BROADCAST RUNNING MULTICAST  MTU:1400  Metric:1
          RX packets:36828 errors:0 dropped:0 overruns:0 frame:0
          TX packets:9793 errors:0 dropped:0 overruns:0 carrier:0
          collisions:0 txqueuelen:1000
          RX bytes:27308980 TX bytes:1056665

